// Jest Snapshot v1, https://goo.gl/fbAQLP

exports[`<PostCard /> should match the snapshot 1`] = `
<div>
  <div
    class="post"
  >
    <img
      alt="post #1 title"
      src="img/img1.png"
    />
    <div
      class="post-content"
    >
      <h2>
        post #1 title
      </h2>
      <p>
        post #1 body
      </p>
    </div>
  </div>
</div>
`;
